18:28:52 **** Incremental Build of configuration Debug for project software_TFM ****
make all 
make --no-print-directory pre-build
a9-linaro-pre-build-step
' '
make --no-print-directory main-build
'Building file: ../src/main.c'
'Invoking: ARM v7 gcc compiler'
arm-none-eabi-gcc -Wall -O0 -g3 -c -fmessage-length=0 -MT"src/main.o" -mcpu=cortex-a9 -mfpu=vfpv3 -mfloat-abi=hard -IC:/Users/victo/Desktop/TFM/Zynq/TFM_ZYNQ_ETHERNET/software_TFM/TFM_ZYNQ_4_wrapper/export/TFM_ZYNQ_4_wrapper/sw/TFM_ZYNQ_4_wrapper/standalone_domain/bspinclude/include -MMD -MP -MF"src/main.d" -MT"src/main.o" -o "src/main.o" "../src/main.c"
In file included from ../src/main.c:30:
C:/Users/victo/Desktop/TFM/Zynq/TFM_ZYNQ_ETHERNET/software_TFM/TFM_ZYNQ_4_wrapper/export/TFM_ZYNQ_4_wrapper/sw/TFM_ZYNQ_4_wrapper/standalone_domain/bspinclude/include/xtime_l.h:85:9: note: #pragma message: For the sleep routines, Global timer is being used
 #pragma message ("For the sleep routines, Global timer is being used")
         ^~~~~~~
'Finished building: ../src/main.c'
' '
'Building target: software_TFM.elf'
'Invoking: ARM v7 gcc linker'
arm-none-eabi-gcc -mcpu=cortex-a9 -mfpu=vfpv3 -mfloat-abi=hard -Wl,-build-id=none -specs=Xilinx.spec -Wl,-T -Wl,../src/lscript.ld -LC:/Users/victo/Desktop/TFM/Zynq/TFM_ZYNQ_ETHERNET/software_TFM/TFM_ZYNQ_4_wrapper/export/TFM_ZYNQ_4_wrapper/sw/TFM_ZYNQ_4_wrapper/standalone_domain/bsplib/lib -o "software_TFM.elf"  ./src/ads1298r_api.o ./src/dma_api.o ./src/echo.o ./src/ethernet.o ./src/gic_api.o ./src/i2c_access.o ./src/iic_phyreset.o ./src/main.o ./src/platform.o ./src/platform_mb.o ./src/platform_ppc.o ./src/platform_zynq.o ./src/platform_zynqmp.o ./src/ps7_init.o ./src/sfp.o ./src/si5324.o ./src/spi_api.o   -Wl,--start-group,-lxil,-lgcc,-lc,--end-group -Wl,--start-group,-lxil,-llwip4,-lgcc,-lc,--end-group -Wl,--start-group,-lxilffs,-lxil,-lgcc,-lc,--end-group -Wl,--start-group,-lrsa,-lxil,-lgcc,-lc,--end-group
'Finished building target: software_TFM.elf'
' '
'Invoking: ARM v7 Print Size'
arm-none-eabi-size software_TFM.elf  |tee "software_TFM.elf.size"
   text	   data	    bss	    dec	    hex	filename
 147848	  13472	5364000	5525320	 544f48	software_TFM.elf
'Finished building: software_TFM.elf.size'
' '

18:28:55 Build Finished (took 3s.43ms)

